
 Name                               Monthly Qty  Unit   Monthly Cost 
                                                                     
 google_compute_vpn_tunnel.tunnel1                                   
 └─ VPN Tunnel                              730  hours        $36.50 
                                                                     
 PROJECT TOTAL                                                $36.50 
