
 Name                                                         Monthly Qty  Unit                        Monthly Cost 
                                                                                                                    
 aws_lambda_function.lambda                                                                                         
 ├─ Requests                                          Monthly cost depends on usage: $0.20 per 1M requests          
 └─ Duration                                          Monthly cost depends on usage: $0.0000166667 per GB-seconds   
                                                                                                                    
 aws_sfn_state_machine.express                                                                                      
 ├─ Express workflow requests                                   1,000,000  Requests                           $1.00 
 ├─ Express workflow duration (0-1000 hours)                        1,000  GB-Seconds                         $0.02 
 ├─ Express workflow duration (1000-4000 hours)                     3,000  GB-Seconds                         $0.02 
 └─ Express workflow duration (4000+ hours)                       55.5555  GB-Seconds                         $0.00 
                                                                                                                    
 aws_sfn_state_machine.standard                                                                                     
 ├─ State transition (Free tier (0-4000 transition))                4,000  State transition                   $0.00 
 └─ State transition                                                6,000  State transition                   $0.15 
                                                                                                                    
 PROJECT TOTAL                                                                                                $1.19 

----------------------------------
To estimate usage-based resources use --usage-file, see https://infracost.io/usage-file