
 Name                                                   Monthly Qty  Unit                  Monthly Cost 
                                                                                                        
 azurerm_eventhub_namespace.basic                                                                       
 ├─ Throughput                                                    1  units                        $0.02 
 └─ Ingress event (Basic)                                        10  1M events                    $0.28 
                                                                                                        
 azurerm_eventhub_namespace.basicwithoutusage                                                           
 ├─ Throughput                                                    1  units                        $0.02 
 └─ Ingress event (Basic)                          Monthly cost depends on usage: $0.028 per 1M events  
                                                                                                        
 azurerm_eventhub_namespace.capacity                                                                    
 ├─ Throughput                                                   10  units                        $0.30 
 ├─ Ingress event (Standard)                       Monthly cost depends on usage: $0.028 per 1M events  
 └─ Capture                                                     730  hour                        $73.00 
                                                                                                        
 azurerm_eventhub_namespace.dedicated                                                                   
 ├─ Throughput                                                    1  units                        $6.85 
 └─ Extended retention                             Monthly cost depends on usage: $0.10 per GB          
                                                                                                        
 azurerm_eventhub_namespace.dedicated_retention                                                         
 ├─ Throughput                                                    1  units                        $6.85 
 └─ Extended retention                                            1  GB                           $0.10 
                                                                                                        
 azurerm_eventhub_namespace.standard                                                                    
 ├─ Throughput                                                    1  units                        $0.03 
 ├─ Ingress event (Standard)                                    100  1M events                    $2.80 
 └─ Capture                                                     730  hour                        $73.00 
                                                                                                        
 azurerm_eventhub_namespace.standard_auto_inflate                                                       
 ├─ Throughput                                                   10  units                        $0.30 
 ├─ Ingress event (Standard)                       Monthly cost depends on usage: $0.028 per 1M events  
 └─ Capture                                                     730  hour                        $73.00 
                                                                                                        
 azurerm_eventhub_namespace.standardwithoutusage                                                        
 ├─ Throughput                                                    1  units                        $0.03 
 ├─ Ingress event (Standard)                       Monthly cost depends on usage: $0.028 per 1M events  
 └─ Capture                                                     730  hour                        $73.00 
                                                                                                        
 OVERALL TOTAL                                                                                  $309.57 
----------------------------------
To estimate usage-based resources use --usage-file, see https://infracost.io/usage-file