
 Name                                               Monthly Qty  Unit                    Monthly Cost 
                                                                                                      
 aws_s3_bucket.bucket1                                                                                
 └─ Standard                                                                                          
    ├─ Storage                                Monthly cost depends on usage: $0.023 per GB            
    ├─ PUT, COPY, POST, LIST requests         Monthly cost depends on usage: $0.005 per 1k requests   
    ├─ GET, SELECT, and all other requests    Monthly cost depends on usage: $0.0004 per 1k requests  
    ├─ Select data scanned                    Monthly cost depends on usage: $0.002 per GB            
    └─ Select data returned                   Monthly cost depends on usage: $0.0007 per GB           
                                                                                                      
 aws_s3_bucket.bucket1_withUsage                                                                      
 └─ Standard                                                                                          
    ├─ Storage                                Monthly cost depends on usage: $0.023 per GB            
    ├─ PUT, COPY, POST, LIST requests         Monthly cost depends on usage: $0.005 per 1k requests   
    ├─ GET, SELECT, and all other requests    Monthly cost depends on usage: $0.0004 per 1k requests  
    ├─ Select data scanned                    Monthly cost depends on usage: $0.002 per GB            
    └─ Select data returned                   Monthly cost depends on usage: $0.0007 per GB           
                                                                                                      
 aws_s3_bucket.bucket2                                                                                
 └─ Standard                                                                                          
    ├─ Storage                                Monthly cost depends on usage: $0.023 per GB            
    ├─ PUT, COPY, POST, LIST requests         Monthly cost depends on usage: $0.005 per 1k requests   
    ├─ GET, SELECT, and all other requests    Monthly cost depends on usage: $0.0004 per 1k requests  
    ├─ Select data scanned                    Monthly cost depends on usage: $0.002 per GB            
    └─ Select data returned                   Monthly cost depends on usage: $0.0007 per GB           
                                                                                                      
 aws_s3_bucket.bucket2_withUsage                                                                      
 └─ Standard                                                                                          
    ├─ Storage                                Monthly cost depends on usage: $0.023 per GB            
    ├─ PUT, COPY, POST, LIST requests         Monthly cost depends on usage: $0.005 per 1k requests   
    ├─ GET, SELECT, and all other requests    Monthly cost depends on usage: $0.0004 per 1k requests  
    ├─ Select data scanned                    Monthly cost depends on usage: $0.002 per GB            
    └─ Select data returned                   Monthly cost depends on usage: $0.0007 per GB           
                                                                                                      
 aws_s3_bucket_inventory.inventory                                                                    
 └─ Objects listed                            Monthly cost depends on usage: $0.0025 per 1M objects   
                                                                                                      
 aws_s3_bucket_inventory.inventory_withUsage                                                          
 └─ Objects listed                                           10  1M objects                     $0.03 
                                                                                                      
 PROJECT TOTAL                                                                                  $0.03 

----------------------------------
To estimate usage-based resources use --usage-file, see https://infracost.io/usage-file