
 Name                                  Monthly Qty  Unit              Monthly Cost 
                                                                                   
 aws_sns_topic.sns_topic                                                           
 └─ Requests                        Cost depends on usage: $0.50 per 1M requests   
                                                                                   
 aws_sns_topic.sns_topic_withUsage                                                 
 └─ Requests                                     2  1M requests              $1.00 
                                                                                   
 PROJECT TOTAL                                                               $1.00 

----------------------------------
To estimate usage-based resources use --usage-file, see https://infracost.io/usage-file