
 Name                        Monthly Qty  Unit            Monthly Cost 
                                                                       
 aws_ecr_repository.repo                                               
 └─ Storage                            1  GB                     $0.10 
                                                                       
 aws_ecr_repository.repo1                                              
 └─ Storage                Monthly cost depends on usage: $0.10 per GB 
                                                                       
 PROJECT TOTAL                                                   $0.10 

----------------------------------
To estimate usage-based resources use --usage-file, see https://infracost.io/usage-file