
 Name                                           Monthly Qty  Unit  Monthly Cost 
                                                                                
 google_compute_disk.default                                                    
 └─ Standard provisioned storage (pd-standard)          100  GiB          $4.00 
                                                                                
 google_compute_snapshot.snapshot                                               
 └─ Storage                                             100  GB           $2.60 
                                                                                
 OVERALL TOTAL                                                            $6.60 