
 Name                              Monthly Qty  Unit   Monthly Cost 
                                                                    
 azurerm_public_ip_prefix.example                                   
 └─ IP prefix                              730  hours         $4.38 
                                                                    
 OVERALL TOTAL                                                $4.38 