
 Name                                                                  Monthly Qty  Unit            Monthly Cost 
                                                                                                                 
 aws_mq_broker.my_aws_mq_broker_activemq_single_default                                                          
 ├─ Instance usage (ActiveMQ, mq.t2.micro, SINGLE_INSTANCE)                    730  hours                 $21.90 
 └─ Storage (ActiveMQ, EFS)                                          Cost depends on usage: $0.30 per GB-months  
                                                                                                                 
 aws_mq_broker.my_aws_mq_broker_activemq_single_standby_ebs                                                      
 ├─ Instance usage (ActiveMQ, mq.m5.large, ACTIVE_STANDBY_MULTI_AZ)            730  hours                $420.48 
 └─ Storage (ActiveMQ, EBS)                                                     10  GB-months              $1.00 
                                                                                                                 
 aws_mq_broker.my_aws_mq_broker_rabbitmq_cluster                                                                 
 ├─ Instance usage (RabbitMQ, mq.m5.xlarge, CLUSTER_MULTI_AZ)                  730  hours              $1,261.44 
 └─ Storage (RabbitMQ, EBS)                                                     30  GB-months              $3.00 
                                                                                                                 
 aws_mq_broker.my_aws_mq_broker_rabbitmq_single                                                                  
 ├─ Instance usage (RabbitMQ, mq.m5.xlarge, SINGLE_INSTANCE)                   730  hours                $420.48 
 └─ Storage (RabbitMQ, EBS)                                          Cost depends on usage: $0.10 per GB-months  
                                                                                                                 
 PROJECT TOTAL                                                                                         $2,128.30 

----------------------------------
To estimate usage-based resources use --usage-file, see https://infracost.io/usage-file