
 Name                                  Monthly Qty  Unit   Monthly Cost 
                                                                        
 aws_ec2_client_vpn_endpoint.endpoint                                   
 └─ Connection                                 730  hours        $36.50 
                                                                        
 OVERALL TOTAL                                                   $36.50 