
 Name                                                 Monthly Qty  Unit                        Monthly Cost 
                                                                                                            
 azurerm_notification_hub_namespace.example                                                                 
 ├─ Base Charge Per Namespace (Basic)                           1  months                            $10.00 
 └─ Additional Pushes (over 10M)              Monthly cost depends on usage: $1.00 per 10 Million Pushes    
                                                                                                            
 azurerm_notification_hub_namespace.example1                                                                
 ├─ Base Charge Per Namespace (Standard)                        1  months                           $200.00 
 └─ Additional Pushes (over 10M)              Monthly cost depends on usage: $10.00 per 10 Million Pushes   
                                                                                                            
 PROJECT TOTAL                                                                                      $210.00 

----------------------------------
To estimate usage-based resources use --usage-file, see https://infracost.io/usage-file