
 Name                                            Monthly Qty  Unit         Monthly Cost 
                                                                                        
 aws_rds_cluster.default                                                                
 ├─ Storage                                                0  GB                  $0.00 
 └─ I/O rate                                               0  1M requests         $0.00 
                                                                                        
 aws_rds_cluster.default_t3                                                             
 ├─ Storage                                                0  GB                  $0.00 
 └─ I/O rate                                               0  1M requests         $0.00 
                                                                                        
 aws_rds_cluster_instance.cluster_instance                                              
 └─ Database instance (on-demand, db.r4.large)           730  hours             $211.70 
                                                                                        
 aws_rds_cluster_instance.cluster_instance_t3                                           
 ├─ Database instance (on-demand, db.t3.medium)          730  hours              $59.86 
 └─ CPU credits                                           48  vCPU-hours          $4.32 
                                                                                        
 OVERALL TOTAL                                                                  $275.88 