
 Name                              Monthly Qty  Unit    Monthly Cost 
                                                                     
 azurerm_private_dns_zone.germany                                    
 └─ Hosted zone                              1  months         $0.54 
                                                                     
 azurerm_private_dns_zone.westus                                     
 └─ Hosted zone                              1  months         $0.50 
                                                                     
 OVERALL TOTAL                                                 $1.04 