
 Name                                Monthly Qty  Unit   Monthly Cost 
                                                                      
 aws_eks_cluster.my_aws_eks_cluster                                   
 └─ EKS cluster                              730  hours        $73.00 
                                                                      
 OVERALL TOTAL                                                 $73.00 