
 Name                        Monthly Qty  Unit         Monthly Cost 
                                                                    
 azurerm_firewall.non_usage                                         
 ├─ Deployment (Standard)            730  hours             $912.50 
 └─ Data processed           Cost depends on usage: $0.02 per GB    
                                                                    
 azurerm_firewall.premium                                           
 ├─ Deployment (Premium)             730  hours             $638.75 
 └─ Data processed                10,000  GB                 $80.00 
                                                                    
 azurerm_firewall.standard                                          
 ├─ Deployment (Standard)            730  hours             $912.50 
 └─ Data processed                10,000  GB                $160.00 
                                                                    
 azurerm_public_ip.example                                          
 └─ IP address (static)              730  hours               $3.65 
                                                                    
 PROJECT TOTAL                                            $2,707.40 

----------------------------------
To estimate usage-based resources use --usage-file, see https://infracost.io/usage-file