
 Name                                       Monthly Qty  Unit   Monthly Cost 
                                                                             
 google_compute_address.static                                               
 ├─ IP address (if used by standard VM)             730  hours         $2.92 
 ├─ IP address (if used by preemptible VM)          730  hours         $1.46 
 └─ IP address (if unused)                          730  hours         $7.30 
                                                                             
 google_compute_global_address.default                                       
 ├─ IP address (if used by standard VM)             730  hours         $2.92 
 ├─ IP address (if used by preemptible VM)          730  hours         $1.46 
 └─ IP address (if unused)                          730  hours         $7.30 
                                                                             
 PROJECT TOTAL                                                        $23.36 
