
 Name                                                      Monthly Qty  Unit            Monthly Cost 
                                                                                                     
 aws_elasticache_replication_group.cluster                                                           
 └─ Elasticache (on-demand, cache.m4.large)                     11,680  hours              $1,822.08 
                                                                                                     
 aws_elasticache_replication_group.non-cluster                                                       
 └─ Elasticache (on-demand, cache.r5.4xlarge)                    2,190  hours              $3,775.56 
                                                                                                     
 aws_elasticache_replication_group.non-cluster-snapshot                                              
 ├─ Elasticache (on-demand, cache.m6g.12xlarge)                  2,190  hours              $7,789.83 
 └─ Backup storage                                       Cost depends on usage: $0.09 per GB-months  
                                                                                                     
 PROJECT TOTAL                                                                            $13,387.47 

----------------------------------
To estimate usage-based resources use --usage-file, see https://infracost.io/usage-file