
 Name                                                Monthly Qty  Unit   Monthly Cost 
                                                                                      
 aws_ec2_transit_gateway_peering_attachment.peering                                   
 └─ Transit gateway attachment                               730  hours        $36.50 
                                                                                      
 OVERALL TOTAL                                                                 $36.50 